# Redirect rules (301 Permanent)
# Format: source destination

/ /fr/;

# Deleted guides → home page
/en/guides/account-and-service-management/account-information/ssh-key-creation/ /en/;
/fr/guides/account-and-service-management/account-information/ssh-key-creation/ /fr/;
/de/guides/account-and-service-management/account-information/ssh-key-creation/ /de/;
/es/guides/account-and-service-management/account-information/ssh-key-creation/ /es/;
/it/guides/account-and-service-management/account-information/ssh-key-creation/ /it/;
/pl/guides/account-and-service-management/account-information/ssh-key-creation/ /pl/;
/pt/guides/account-and-service-management/account-information/ssh-key-creation/ /pt/;

# vRack guides (vrack-apiv6, getting-started-creating-vrack-with-openstack)
# consolidated into the vrack guide.
/en/guides/public-cloud/network-services/vrack-apiv6 /en/guides/public-cloud/network-services/vrack;
/fr/guides/public-cloud/network-services/vrack-apiv6 /fr/guides/public-cloud/network-services/vrack;
/de/guides/public-cloud/network-services/vrack-apiv6 /de/guides/public-cloud/network-services/vrack;
/es/guides/public-cloud/network-services/vrack-apiv6 /es/guides/public-cloud/network-services/vrack;
/it/guides/public-cloud/network-services/vrack-apiv6 /it/guides/public-cloud/network-services/vrack;
/pl/guides/public-cloud/network-services/vrack-apiv6 /pl/guides/public-cloud/network-services/vrack;
/pt/guides/public-cloud/network-services/vrack-apiv6 /pt/guides/public-cloud/network-services/vrack;
/en/guides/public-cloud/network-services/getting-started-creating-vrack-with-openstack /en/guides/public-cloud/network-services/vrack;
/fr/guides/public-cloud/network-services/getting-started-creating-vrack-with-openstack /fr/guides/public-cloud/network-services/vrack;
/de/guides/public-cloud/network-services/getting-started-creating-vrack-with-openstack /de/guides/public-cloud/network-services/vrack;
/es/guides/public-cloud/network-services/getting-started-creating-vrack-with-openstack /es/guides/public-cloud/network-services/vrack;
/it/guides/public-cloud/network-services/getting-started-creating-vrack-with-openstack /it/guides/public-cloud/network-services/vrack;
/pl/guides/public-cloud/network-services/getting-started-creating-vrack-with-openstack /pl/guides/public-cloud/network-services/vrack;
/pt/guides/public-cloud/network-services/getting-started-creating-vrack-with-openstack /pt/guides/public-cloud/network-services/vrack;

# OVHcloud Connect revamp (sa-occ-revamp): renamed guides
/en/guides/network/ovhcloud-connect/api /en/guides/network/ovhcloud-connect/automation;
/fr/guides/network/ovhcloud-connect/api /fr/guides/network/ovhcloud-connect/automation;
/de/guides/network/ovhcloud-connect/api /de/guides/network/ovhcloud-connect/automation;
/es/guides/network/ovhcloud-connect/api /es/guides/network/ovhcloud-connect/automation;
/it/guides/network/ovhcloud-connect/api /it/guides/network/ovhcloud-connect/automation;
/pl/guides/network/ovhcloud-connect/api /pl/guides/network/ovhcloud-connect/automation;
/pt/guides/network/ovhcloud-connect/api /pt/guides/network/ovhcloud-connect/automation;
/en/guides/network/ovhcloud-connect/logs-to-customers /en/guides/network/ovhcloud-connect/logs-forwarding;
/fr/guides/network/ovhcloud-connect/logs-to-customers /fr/guides/network/ovhcloud-connect/logs-forwarding;
/de/guides/network/ovhcloud-connect/logs-to-customers /de/guides/network/ovhcloud-connect/logs-forwarding;
/es/guides/network/ovhcloud-connect/logs-to-customers /es/guides/network/ovhcloud-connect/logs-forwarding;
/it/guides/network/ovhcloud-connect/logs-to-customers /it/guides/network/ovhcloud-connect/logs-forwarding;
/pl/guides/network/ovhcloud-connect/logs-to-customers /pl/guides/network/ovhcloud-connect/logs-forwarding;
/pt/guides/network/ovhcloud-connect/logs-to-customers /pt/guides/network/ovhcloud-connect/logs-forwarding;
/en/guides/network/ovhcloud-connect/occ-diagnostics /en/guides/network/ovhcloud-connect/monitor;
/fr/guides/network/ovhcloud-connect/occ-diagnostics /fr/guides/network/ovhcloud-connect/monitor;
/de/guides/network/ovhcloud-connect/occ-diagnostics /de/guides/network/ovhcloud-connect/monitor;
/es/guides/network/ovhcloud-connect/occ-diagnostics /es/guides/network/ovhcloud-connect/monitor;
/it/guides/network/ovhcloud-connect/occ-diagnostics /it/guides/network/ovhcloud-connect/monitor;
/pl/guides/network/ovhcloud-connect/occ-diagnostics /pl/guides/network/ovhcloud-connect/monitor;
/pt/guides/network/ovhcloud-connect/occ-diagnostics /pt/guides/network/ovhcloud-connect/monitor;
/en/guides/network/ovhcloud-connect/occ-direct-control-panel /en/guides/network/ovhcloud-connect/occ-direct-control-panel-setup;
/fr/guides/network/ovhcloud-connect/occ-direct-control-panel /fr/guides/network/ovhcloud-connect/occ-direct-control-panel-setup;
/de/guides/network/ovhcloud-connect/occ-direct-control-panel /de/guides/network/ovhcloud-connect/occ-direct-control-panel-setup;
/es/guides/network/ovhcloud-connect/occ-direct-control-panel /es/guides/network/ovhcloud-connect/occ-direct-control-panel-setup;
/it/guides/network/ovhcloud-connect/occ-direct-control-panel /it/guides/network/ovhcloud-connect/occ-direct-control-panel-setup;
/pl/guides/network/ovhcloud-connect/occ-direct-control-panel /pl/guides/network/ovhcloud-connect/occ-direct-control-panel-setup;
/pt/guides/network/ovhcloud-connect/occ-direct-control-panel /pt/guides/network/ovhcloud-connect/occ-direct-control-panel-setup;
/en/guides/network/ovhcloud-connect/occ-provider-control-panel /en/guides/network/ovhcloud-connect/occ-provider-control-panel-setup;
/fr/guides/network/ovhcloud-connect/occ-provider-control-panel /fr/guides/network/ovhcloud-connect/occ-provider-control-panel-setup;
/de/guides/network/ovhcloud-connect/occ-provider-control-panel /de/guides/network/ovhcloud-connect/occ-provider-control-panel-setup;
/es/guides/network/ovhcloud-connect/occ-provider-control-panel /es/guides/network/ovhcloud-connect/occ-provider-control-panel-setup;
/it/guides/network/ovhcloud-connect/occ-provider-control-panel /it/guides/network/ovhcloud-connect/occ-provider-control-panel-setup;
/pl/guides/network/ovhcloud-connect/occ-provider-control-panel /pl/guides/network/ovhcloud-connect/occ-provider-control-panel-setup;
/pt/guides/network/ovhcloud-connect/occ-provider-control-panel /pt/guides/network/ovhcloud-connect/occ-provider-control-panel-setup;
/en/guides/network/ovhcloud-connect/occ-limits /en/guides/network/ovhcloud-connect/limits;
/fr/guides/network/ovhcloud-connect/occ-limits /fr/guides/network/ovhcloud-connect/limits;
/de/guides/network/ovhcloud-connect/occ-limits /de/guides/network/ovhcloud-connect/limits;
/es/guides/network/ovhcloud-connect/occ-limits /es/guides/network/ovhcloud-connect/limits;
/it/guides/network/ovhcloud-connect/occ-limits /it/guides/network/ovhcloud-connect/limits;
/pl/guides/network/ovhcloud-connect/occ-limits /pl/guides/network/ovhcloud-connect/limits;
/pt/guides/network/ovhcloud-connect/occ-limits /pt/guides/network/ovhcloud-connect/limits;

# OVHcloud Connect revamp: concept pages (Layer 2/3 mode, concepts overview)
# consolidated into the introduction guide.
/en/guides/network/ovhcloud-connect/occ-layer2 /en/guides/network/ovhcloud-connect/introduction;
/fr/guides/network/ovhcloud-connect/occ-layer2 /fr/guides/network/ovhcloud-connect/introduction;
/de/guides/network/ovhcloud-connect/occ-layer2 /de/guides/network/ovhcloud-connect/introduction;
/es/guides/network/ovhcloud-connect/occ-layer2 /es/guides/network/ovhcloud-connect/introduction;
/it/guides/network/ovhcloud-connect/occ-layer2 /it/guides/network/ovhcloud-connect/introduction;
/pl/guides/network/ovhcloud-connect/occ-layer2 /pl/guides/network/ovhcloud-connect/introduction;
/pt/guides/network/ovhcloud-connect/occ-layer2 /pt/guides/network/ovhcloud-connect/introduction;
/en/guides/network/ovhcloud-connect/occ-layer3 /en/guides/network/ovhcloud-connect/introduction;
/fr/guides/network/ovhcloud-connect/occ-layer3 /fr/guides/network/ovhcloud-connect/introduction;
/de/guides/network/ovhcloud-connect/occ-layer3 /de/guides/network/ovhcloud-connect/introduction;
/es/guides/network/ovhcloud-connect/occ-layer3 /es/guides/network/ovhcloud-connect/introduction;
/it/guides/network/ovhcloud-connect/occ-layer3 /it/guides/network/ovhcloud-connect/introduction;
/pl/guides/network/ovhcloud-connect/occ-layer3 /pl/guides/network/ovhcloud-connect/introduction;
/pt/guides/network/ovhcloud-connect/occ-layer3 /pt/guides/network/ovhcloud-connect/introduction;
/en/guides/network/ovhcloud-connect/ovhcloud-connect-overview /en/guides/network/ovhcloud-connect/introduction;
/fr/guides/network/ovhcloud-connect/ovhcloud-connect-overview /fr/guides/network/ovhcloud-connect/introduction;
/de/guides/network/ovhcloud-connect/ovhcloud-connect-overview /de/guides/network/ovhcloud-connect/introduction;
/es/guides/network/ovhcloud-connect/ovhcloud-connect-overview /es/guides/network/ovhcloud-connect/introduction;
/it/guides/network/ovhcloud-connect/ovhcloud-connect-overview /it/guides/network/ovhcloud-connect/introduction;
/pl/guides/network/ovhcloud-connect/ovhcloud-connect-overview /pl/guides/network/ovhcloud-connect/introduction;
/pt/guides/network/ovhcloud-connect/ovhcloud-connect-overview /pt/guides/network/ovhcloud-connect/introduction;
